2026-10-02T22:17:48.078Z STARTED units=121 sha256=9dc30fc287ac
2026-10-02T22:17:48.079Z ENGINE_START local 121
2026-10-02T22:17:48.080Z ENGINE_START jev 121
2026-10-02T22:17:48.081Z ENGINE_START mercury 121
2026-10-02T22:17:48.081Z ENGINE_START liquid 121
2026-10-02T22:17:48.341Z PROGRESS jev 1/121
2026-10-02T22:17:48.515Z PROGRESS liquid 1/121
2026-10-02T22:17:48.648Z PROGRESS mercury 1/121
2026-10-02T22:17:49.312Z PROGRESS jev 25/121
2026-10-02T22:17:50.215Z PROGRESS liquid 25/121
2026-10-02T22:17:50.577Z PROGRESS jev 50/121
2026-10-02T22:17:51.134Z PROGRESS mercury 25/121
2026-10-02T22:17:51.862Z PROGRESS jev 75/121
2026-10-02T22:17:51.999Z PROGRESS liquid 50/121
2026-10-02T22:17:52.875Z PROGRESS jev 100/121
2026-10-02T22:17:52.904Z PROGRESS local 1/121
2026-10-02T22:17:53.720Z PROGRESS liquid 75/121
2026-10-02T22:17:53.830Z ENGINE_DONE jev errors=0 elapsed_ms=5750
2026-10-02T22:17:54.496Z PROGRESS mercury 50/121
2026-10-02T22:17:55.471Z PROGRESS liquid 100/121
2026-10-02T22:17:56.892Z ENGINE_DONE liquid errors=0 elapsed_ms=8811
2026-10-02T22:18:09.178Z PROGRESS mercury 75/121
2026-10-02T22:18:12.996Z PROGRESS mercury 100/121
2026-10-02T22:18:26.296Z ENGINE_DONE mercury errors=0 elapsed_ms=38215
2026-10-02T22:20:01.825Z PROGRESS local 25/121
2026-10-02T22:22:10.535Z PROGRESS local 50/121
2026-10-02T22:24:16.481Z PROGRESS local 75/121
2026-10-02T22:26:23.072Z PROGRESS local 100/121
2026-10-02T22:28:08.441Z ENGINE_DONE local errors=0 elapsed_ms=620362
2026-10-02T22:28:08.448Z DONE phase=done
